../Core/Src/main.c:222:6:Led_GateKeeper2	32	static
../Core/Src/main.c:248:6:Led_GateKeeper4	24	static
../Core/Src/main.c:310:5:main	16	static
../Core/Src/main.c:393:6:SystemClock_Config	88	static
../Core/Src/main.c:439:13:MX_I2C1_Init	8	static
../Core/Src/main.c:473:13:MX_I2S3_Init	8	static
../Core/Src/main.c:507:13:MX_SPI1_Init	8	static
../Core/Src/main.c:545:13:MX_GPIO_Init	56	static
../Core/Src/main.c:647:6:StartTask1	16	static
../Core/Src/main.c:667:6:StartTask2	16	static
../Core/Src/main.c:686:6:HAL_TIM_PeriodElapsedCallback	16	static
../Core/Src/main.c:703:6:Error_Handler	4	static,ignoring_inline_asm
